// Jest Snapshot v1, https://goo.gl/fbAQLP

exports[`sanitiser sanitise global configuration sanitise if no config provided 1`] = `
Object {
  "debug": false,
  "imageSnapshotPath": "differencify_reports",
  "imageSnapshotPathProvided": false,
  "mismatchThreshold": 0.001,
  "saveCurrentImage": true,
  "saveDifferencifiedImage": true,
}
`;

exports[`sanitiser sanitise global configuration sanitise if puppeteer specific configuration provided 1`] = `
Object {
  "debug": false,
  "imageSnapshotPath": "differencify_reports",
  "imageSnapshotPathProvided": false,
  "mismatchThreshold": 0.001,
  "saveCurrentImage": true,
  "saveDifferencifiedImage": true,
}
`;

exports[`sanitiser sanitise global configuration sanitise if screenshots config provided 1`] = `
Object {
  "debug": false,
  "imageSnapshotPath": "differencify_reports",
  "imageSnapshotPathProvided": false,
  "mismatchThreshold": 0.001,
  "saveCurrentImage": true,
  "saveDifferencifiedImage": true,
}
`;

exports[`sanitiser sanitise test configuration sanitise if no config provided 1`] = `
Object {
  "chain": true,
  "isUpdate": false,
  "testId": 1,
  "testName": "test",
  "testNameProvided": false,
}
`;

exports[`sanitiser sanitise test configuration sanitise if some config provided 1`] = `
Object {
  "chain": true,
  "isUpdate": false,
  "testId": 1,
  "testName": "test",
  "testNameProvided": false,
}
`;
